CRITICAL - 2026-05-19 09:14:05 --> Cache unable to write to "C:\xampp\htdocs\ecom-nw\admin\writable\cache/".
in SYSTEMPATH\Cache\Handlers\FileHandler.php on line 62.
 1 SYSTEMPATH\Cache\Handlers\FileHandler.php(62): CodeIgniter\Cache\Exceptions\CacheException::forUnableToWrite('C:\\xampp\\htdocs\\ecom-nw\\admin\\writable\\cache/')
 2 SYSTEMPATH\Cache\CacheFactory.php(60): CodeIgniter\Cache\Handlers\FileHandler->__construct(Object(Config\Cache))
 3 SYSTEMPATH\Config\Services.php(115): CodeIgniter\Cache\CacheFactory::getHandler(Object(Config\Cache))
 4 SYSTEMPATH\Config\BaseService.php(252): CodeIgniter\Config\Services::cache(Object(Config\Cache), false)
 5 SYSTEMPATH\Config\BaseService.php(193): CodeIgniter\Config\BaseService::__callStatic('cache', [...])
 6 SYSTEMPATH\Config\Services.php(110): CodeIgniter\Config\BaseService::getSharedInstance('cache', null)
 7 SYSTEMPATH\Config\BaseService.php(252): CodeIgniter\Config\Services::cache()
 8 SYSTEMPATH\Common.php(73): CodeIgniter\Config\BaseService::__callStatic('cache', [])
 9 SYSTEMPATH\CodeIgniter.php(696): cache()
10 SYSTEMPATH\CodeIgniter.php(355): CodeIgniter\CodeIgniter->displayCache(Object(Config\Cache))
11 FCPATH\index.php(67): CodeIgniter\CodeIgniter->run()
CRITICAL - 2026-05-19 09:14:07 --> Cache unable to write to "C:\xampp\htdocs\ecom-nw\admin\writable\cache/".
in SYSTEMPATH\Cache\Handlers\FileHandler.php on line 62.
 1 SYSTEMPATH\Cache\Handlers\FileHandler.php(62): CodeIgniter\Cache\Exceptions\CacheException::forUnableToWrite('C:\\xampp\\htdocs\\ecom-nw\\admin\\writable\\cache/')
 2 SYSTEMPATH\Cache\CacheFactory.php(60): CodeIgniter\Cache\Handlers\FileHandler->__construct(Object(Config\Cache))
 3 SYSTEMPATH\Config\Services.php(115): CodeIgniter\Cache\CacheFactory::getHandler(Object(Config\Cache))
 4 SYSTEMPATH\Config\BaseService.php(252): CodeIgniter\Config\Services::cache(Object(Config\Cache), false)
 5 SYSTEMPATH\Config\BaseService.php(193): CodeIgniter\Config\BaseService::__callStatic('cache', [...])
 6 SYSTEMPATH\Config\Services.php(110): CodeIgniter\Config\BaseService::getSharedInstance('cache', null)
 7 SYSTEMPATH\Config\BaseService.php(252): CodeIgniter\Config\Services::cache()
 8 SYSTEMPATH\Common.php(73): CodeIgniter\Config\BaseService::__callStatic('cache', [])
 9 SYSTEMPATH\CodeIgniter.php(696): cache()
10 SYSTEMPATH\CodeIgniter.php(355): CodeIgniter\CodeIgniter->displayCache(Object(Config\Cache))
11 FCPATH\index.php(67): CodeIgniter\CodeIgniter->run()
CRITICAL - 2026-05-19 11:09:57 --> Cache unable to write to "C:\xampp\htdocs\ecom-nw\admin\writable\cache/".
in SYSTEMPATH\Cache\Handlers\FileHandler.php on line 62.
 1 SYSTEMPATH\Cache\Handlers\FileHandler.php(62): CodeIgniter\Cache\Exceptions\CacheException::forUnableToWrite('C:\\xampp\\htdocs\\ecom-nw\\admin\\writable\\cache/')
 2 SYSTEMPATH\Cache\CacheFactory.php(60): CodeIgniter\Cache\Handlers\FileHandler->__construct(Object(Config\Cache))
 3 SYSTEMPATH\Config\Services.php(115): CodeIgniter\Cache\CacheFactory::getHandler(Object(Config\Cache))
 4 SYSTEMPATH\Config\BaseService.php(252): CodeIgniter\Config\Services::cache(Object(Config\Cache), false)
 5 SYSTEMPATH\Config\BaseService.php(193): CodeIgniter\Config\BaseService::__callStatic('cache', [...])
 6 SYSTEMPATH\Config\Services.php(110): CodeIgniter\Config\BaseService::getSharedInstance('cache', null)
 7 SYSTEMPATH\Config\BaseService.php(252): CodeIgniter\Config\Services::cache()
 8 SYSTEMPATH\Common.php(73): CodeIgniter\Config\BaseService::__callStatic('cache', [])
 9 SYSTEMPATH\CodeIgniter.php(696): cache()
10 SYSTEMPATH\CodeIgniter.php(355): CodeIgniter\CodeIgniter->displayCache(Object(Config\Cache))
11 FCPATH\index.php(67): CodeIgniter\CodeIgniter->run()
INFO - 2026-05-19 11:14:05 --> Session: Class initialized using 'CodeIgniter\Session\Handlers\FileHandler' driver.
